[Jul 30 15:42:46] Инфо: Your version of CentOS 10 is supported.
[Jul 30 15:42:52] Инфо: Your version of CentOS 10 is supported.
[Jul 30 15:51:52] Инфо: Your version of CentOS 10 is supported.
[Jul 30 15:52:22] Ошибка: Сдохла: DKMS не установлен!
[Jul 30 15:52:22] Ошибка: Лог: /etc/VPN/tools/awg-tools/logs/awg-tools.log
[Jul 30 15:54:18] Инфо: Your version of CentOS 10 is supported.
[Jul 30 16:00:35] Инфо: Your version of CentOS 10 is supported.
[Jul 30 16:09:16] Инфо: Your version of CentOS 10 is supported.
[Jul 30 16:10:03] Инфо: Your version of CentOS 10 is supported.
[Jul 30 16:10:59] Инфо: Your version of CentOS 10 is supported.
[Jul 30 16:11:44] Инфо: Your version of CentOS 10 is supported.
[Jul 30 16:12:58] Инфо: Your version of CentOS 10 is supported.
[Jul 30 16:14:15] Инфо: Your version of CentOS 10 is supported.
[Jul 30 16:15:21] Инфо: Your version of CentOS 10 is supported.
[Jul 30 16:16:37] Инфо: Your version of CentOS 10 is supported.
[Jul 30 16:18:13] Инфо: Your version of CentOS 10 is supported.
[Jul 30 16:21:40] Инфо: Your version of CentOS 10 is supported.
[Jul 30 16:23:24] Инфо: Your version of CentOS 10 is supported.
[Jul 30 16:24:18] Инфо: Your version of CentOS 10 is supported.
[Jul 30 16:24:40] Инфо: Your version of CentOS 10 is supported.
[Jul 30 16:25:05] Инфо: Your version of CentOS 10 is supported.
[Jul 30 16:26:54] Инфо: Your version of CentOS 10 is supported.
[Jul 30 16:27:32] Инфо: Your version of CentOS 10 is supported.
[Jul 30 16:28:49] Инфо: Your version of CentOS 10 is supported.
[Jul 30 16:29:14] Инфо: Your version of CentOS 10 is supported.
[Jul 30 16:29:37] Инфо: Your version of CentOS 10 is supported.
[Jul 30 16:29:51] Инфо: Your version of CentOS 10 is supported.
[Jul 30 16:30:45] Инфо: Your version of CentOS 10 is supported.
[Jul 30 16:31:25] Инфо: Your version of CentOS 10 is supported.
[Jul 30 16:32:24] Инфо: Your version of CentOS 10 is supported.
[Jul 30 16:32:51] Инфо: Your version of CentOS 10 is supported.
[Jul 30 16:33:26] Инфо: Your version of CentOS 10 is supported.
[Jul 30 16:33:47] Инфо: Your version of CentOS 10 is supported.
[Jul 30 16:33:57] Инфо: Your version of CentOS 10 is supported.
[Jul 30 16:34:30] Инфо: Your version of CentOS 10 is supported.
[Jul 30 16:35:19] Инфо: Your version of CentOS 10 is supported.
[Jul 30 16:38:57] Инфо: Your version of CentOS 10 is supported.
[Jul 30 16:39:10] Инфо: Your version of CentOS 10 is supported.
[Jul 30 16:39:41] Инфо: Your version of CentOS 10 is supported.
[Jul 30 16:40:19] Инфо: Your version of CentOS 10 is supported.
[Jul 30 16:40:47] Инфо: Your version of CentOS 10 is supported.
[Jul 30 16:41:35] Инфо: Your version of CentOS 10 is supported.
[Jul 30 16:41:59] Инфо: Your version of CentOS 10 is supported.
[Jul 30 16:43:07] Инфо: Your version of CentOS 10 is supported.
[Jul 30 16:43:27] Инфо: Your version of CentOS 10 is supported.
[Jul 30 16:44:38] Инфо: Your version of CentOS 10 is supported.
[Jul 30 16:45:46] Инфо: Your version of CentOS 10 is supported.
[Jul 30 16:46:05] Инфо: Your version of CentOS 10 is supported.
[Jul 30 16:46:48] Инфо: Your version of CentOS 10 is supported.
[Jul 30 16:48:29] Инфо: Your version of CentOS 10 is supported.
[Jul 30 16:49:54] Инфо: Your version of CentOS 10 is supported.
[Jul 30 16:50:11] Инфо: Your version of CentOS 10 is supported.
[Jul 30 16:50:48] Инфо: Your version of CentOS 10 is supported.
[Jul 30 16:51:09] Инфо: Your version of CentOS 10 is supported.
[Jul 30 16:55:07] Инфо: Your version of CentOS 10 is supported.
[Jul 30 16:58:00] Инфо: Your version of CentOS 10 is supported.
[Jul 30 16:59:42] Инфо: Your version of CentOS 10 is supported.
[Jul 30 17:01:27] Инфо: Your version of CentOS 10 is supported.
[Jul 30 17:02:46] Инфо: Your version of CentOS 10 is supported.
[Jul 30 17:02:57] Инфо: Your version of CentOS 10 is supported.
[Jul 30 17:03:54] Инфо: Your version of CentOS 10 is supported.
[Jul 30 17:04:55] Инфо: Your version of CentOS 10 is supported.
[Jul 30 17:07:04] Инфо: Your version of CentOS 10 is supported.
[Jul 30 17:07:43] Инфо: Your version of CentOS 10 is supported.
[Jul 30 17:07:56] Инфо: Your version of CentOS 10 is supported.
[Jul 30 17:08:07] Инфо: Your version of CentOS 10 is supported.
[Jul 30 17:08:30] Инфо: Your version of CentOS 10 is supported.
[Jul 30 17:09:32] Инфо: Your version of CentOS 10 is supported.
[Jul 30 17:10:31] Инфо: Your version of CentOS 10 is supported.
[Jul 30 17:11:11] Инфо: Your version of CentOS 10 is supported.
[Jul 30 17:13:05] Инфо: Your version of CentOS 10 is supported.
[Jul 30 17:13:25] Инфо: Your version of CentOS 10 is supported.
[Jul 30 17:16:13] Инфо: Your version of CentOS 10 is supported.
[Jul 30 17:16:59] Инфо: Your version of CentOS 10 is supported.
[Jul 30 17:17:23] Инфо: Your version of CentOS 10 is supported.
[Jul 30 17:17:45] Инфо: Your version of CentOS 10 is supported.
[Jul 30 17:18:25] Инфо: Your version of CentOS 10 is supported.
[Jul 30 17:19:20] Инфо: Your version of CentOS 10 is supported.
[Jul 30 17:19:57] Инфо: Your version of CentOS 10 is supported.
[Jul 30 17:20:47] Инфо: Your version of CentOS 10 is supported.
[Jul 30 17:21:30] Инфо: Your version of CentOS 10 is supported.
[Jul 30 17:22:21] Инфо: Your version of CentOS 10 is supported.
[Jul 30 17:22:45] Инфо: Your version of CentOS 10 is supported.
[Jul 30 17:24:07] Инфо: Your version of CentOS 10 is supported.
[Jul 30 17:24:24] Инфо: Your version of CentOS 10 is supported.
[Jul 30 17:26:28] Инфо: Your version of CentOS 10 is supported.
[Jul 30 17:26:45] Инфо: Your version of CentOS 10 is supported.
[Jul 30 17:28:16] Инфо: Your version of CentOS 10 is supported.
[Jul 30 17:28:49] Инфо: Your version of CentOS 10 is supported.
[Jul 30 17:29:32] Инфо: Your version of CentOS 10 is supported.
[Jul 30 17:30:48] Инфо: Your version of CentOS 10 is supported.
[Jul 30 17:31:11] Инфо: Your version of CentOS 10 is supported.
[Jul 30 17:31:25] Инфо: Your version of CentOS 10 is supported.
[Jul 30 17:32:12] Инфо: Your version of CentOS 10 is supported.
[Jul 30 17:32:39] Инфо: Your version of CentOS 10 is supported.
[Jul 30 17:33:23] Инфо: Your version of CentOS 10 is supported.
[Jul 30 17:33:45] Инфо: Your version of CentOS 10 is supported.
[Jul 30 17:34:02] Инфо: Your version of CentOS 10 is supported.
[Jul 30 17:34:24] Инфо: Your version of CentOS 10 is supported.
[Jul 30 17:38:34] Инфо: Your version of CentOS 10 is supported.
[Jul 30 17:39:10] Инфо: Your version of CentOS 10 is supported.
[Jul 30 17:43:29] Инфо: Your version of CentOS 10 is supported.
[Jul 30 17:44:19] Инфо: Your version of CentOS 10 is supported.
[Jul 30 17:44:38] Инфо: Your version of CentOS 10 is supported.
[Jul 30 17:45:23] Инфо: Your version of CentOS 10 is supported.
[Jul 30 17:46:50] Инфо: Your version of CentOS 10 is supported.
[Jul 30 17:47:19] Инфо: Your version of CentOS 10 is supported.
[Jul 30 17:47:58] Инфо: Your version of CentOS 10 is supported.
[Jul 30 17:49:09] Инфо: Your version of CentOS 10 is supported.
[Jul 30 17:50:03] Инфо: Your version of CentOS 10 is supported.
[Jul 30 17:50:59] Инфо: Your version of CentOS 10 is supported.
[Jul 30 17:51:57] Инфо: Your version of CentOS 10 is supported.
[Jul 30 17:52:49] Инфо: Your version of CentOS 10 is supported.
[Jul 30 17:53:50] Инфо: Your version of CentOS 10 is supported.
[Jul 30 17:55:02] Инфо: Your version of CentOS 10 is supported.
[Jul 30 17:55:28] Инфо: Your version of CentOS 10 is supported.
[Jul 30 17:56:13] Инфо: Your version of CentOS 10 is supported.
[Jul 30 17:57:41] Инфо: Your version of CentOS 10 is supported.
[Jul 30 17:58:57] Инфо: Your version of CentOS 10 is supported.
[Jul 30 17:59:45] Инфо: Your version of CentOS 10 is supported.
[Jul 30 18:00:17] Инфо: Your version of CentOS 10 is supported.
[Jul 30 18:00:47] Инфо: Your version of CentOS 10 is supported.
[Jul 30 18:01:16] Инфо: Your version of CentOS 10 is supported.
[Jul 30 18:02:00] Инфо: Your version of CentOS 10 is supported.
[Jul 30 18:02:17] Инфо: Your version of CentOS 10 is supported.
[Jul 30 18:02:35] Инфо: Your version of CentOS 10 is supported.
[Jul 30 18:03:05] Инфо: Your version of CentOS 10 is supported.
[Jul 30 18:03:32] Инфо: Your version of CentOS 10 is supported.
[Jul 30 18:04:57] Зацени: Модуль amneziawg не загружен, пробую загрузить...
[Jul 30 18:05:46] Зацени: Модуль amneziawg не загружен, пробую загрузить...
[Jul 30 18:06:44] Инфо: Модуль amneziawg загружен.
[Jul 30 18:09:07] Инфо: Модуль amneziawg загружен.
[Jul 30 18:10:05] Инфо: Модуль amneziawg загружен.
[Jul 30 18:10:05] Ошибка: Модуль amneziawg не установлен
[Jul 30 18:11:29] Инфо: Модуль amneziawg загружен.
[Jul 30 18:11:34] Инфо: Модуль amneziawg загружен.
[Jul 30 18:17:51] Инфо: Модуль amneziawg загружен.
[Jul 30 18:17:51] Инфо: Модуль wireguard загружен.
[Jul 30 18:18:34] Инфо: Модуль wireguard загружен.
[Jul 30 18:19:35] Инфо: Модуль wireguard загружен.
[Jul 30 18:22:13] Зацени: Модуль wireguard не загружен. Его можно добавить в автозагрузку, в меню "Установка".
[Jul 30 18:22:58] Зацени: Модуль wireguard не загружен. Его можно добавить в автозагрузку, в меню "Установка".
[Jul 30 18:32:09] Ошибка: Ошибка удаления /etc/modules-load.d/wireguard.conf!
[Jul 30 18:32:09] Инфо: /etc/modules-load.d/wireguard.conf удалён.
[Jul 30 18:32:32] Инфо: Записан /etc/modules-load.d/amneziawg.conf.
[Jul 30 18:32:32] Ошибка: Модуль wireguard не загружен!
[Jul 30 18:36:17] Инфо: Модуль amneziawg загружен.
[Jul 30 18:36:17] Инфо: Модуль wireguard загружен.
[Jul 30 18:36:33] Ошибка: Ошибка удаления /etc/modules-load.d/wireguard.conf!
[Jul 30 18:36:33] Инфо: /etc/modules-load.d/wireguard.conf удалён.
[Jul 30 18:36:44] Ошибка: Ошибка удаления /etc/modules-load.d/wireguard.conf!
[Jul 30 18:36:44] Инфо: /etc/modules-load.d/wireguard.conf удалён.
[Jul 30 18:41:39] Инфо: Записан /etc/modules-load.d/amneziawg.conf.
[Jul 30 18:41:39] Инфо: Модуль wireguard загружен.
[Jul 30 18:47:30] Инфо: /etc/modules-load.d/wireguard.conf удалён.
[Jul 30 18:47:46] Инфо: Записан /etc/modules-load.d/wireguard.conf.
[Jul 30 18:47:46] Инфо: Модуль wireguard загружен.
